// Jest Snapshot v1, https://goo.gl/fbAQLP

exports[`<DropdownInputForm /> Should render android dropdown component 1`] = `
<View
  style={
    Object {
      "alignItems": "center",
      "borderColor": "rgba(0, 0, 0, 0.4)",
      "borderRadius": 3,
      "borderWidth": 1,
      "flexDirection": "row",
      "height": 40,
      "justifyContent": "space-between",
      "marginBottom": 5,
    }
  }
>
  <InputLabel
    label="beauty label"
    onPress={[Function]}
  />
  <InputPicker
    dropdownItems={
      Array [
        "item1",
        "item2",
        "item3",
      ]
    }
    onValueChange={[Function]}
    selectedValue="item1"
  />
</View>
`;

exports[`<DropdownInputForm /> Should render ios dropdown Component 1`] = `
<iOSDropDown
  name="label"
  onChange={[Function]}
/>
`;
